// Jest Snapshot v1, https://goo.gl/fbAQLP

exports[`renders correctly 1`] = `
<main>
  <h2>
    Welcome to our page!
  </h2>
  <p>
    Lorem, ipsum dolor sit amet consectetur adipisicing elit. Aut quos officiis maiores fugit rem magnam incidunt ipsum quisquam dolorem iusto reprehenderit molestiae impedit quas, atque, dicta iste? Natus labore esse quo recusandae, quia excepturi eum, vitae in nemo repellat voluptatem quas culpa impedit, porro fugiat iusto minus. Debitis repellendus repudiandae soluta harum? Ducimus quaerat suscipit corrupti ut. Illum dolore a repellat voluptatem quas culpa impedit, porro fugiat iusto minus. Debitis repellendus repudiandae soluta harum? Ducimus quaerat suscipit corrupti ut. Illum dolore a
  </p>
  <p>
    Velit magnam provident quam ex sequi libero illum quo voluptate, quidem odit dolorum assumenda id deleniti a perspiciatis unde placeat quos harum, modi odio dolore dolores quia in! Ipsa, excepturi? Soluta quasi aliquid illo quae voluptatum accusamus, dolore quia fugiat qui inventore ratione? Quas sapiente modi ratione, nostrum temporibus ullam fugiat architecto, dolores et tempora maxime voluptates quisquam veritatis officia? quia fugiat qui inventore ratione? Quas sapiente modi ratione, nostrum temporibus ullam fugiat architecto, dolores et tempora maxime voluptates quisquam veritatis officia?
  </p>
</main>
`;
