// Jest Snapshot v1, https://goo.gl/fbAQLP

exports[`Renders correctly 1`] = `
<main>
  <div
    className="flex justify-center"
  >
    <p
      className="quote1"
    >
      Mathematics is not about numbers,        equations, computations, or algorithms: it is about       understanding. - William Paul   Thurston
    </p>
  </div>
</main>
`;
